<!DOCTYPE html>
<html lang="en">
<head>
    <meta charset="UTF-8">
    <meta name="viewport" content="width=device-width, initial-scale=1.0">
    <title>SSG in Go</title>
</head>
<body>
   <ol>
    
        <li><a href="hello-world">My first blog post</a></li>
    
   </ol> 
</body>
</html>